// Jest Snapshot v1, https://goo.gl/fbAQLP

exports[`Confirming the display of calculator calculator displays 1`] = `
Object {
  "asFragment": [Function],
  "baseElement": <body>
    <div>
      <main
        class="calculator"
      >
        <h4>
          Let's do some Math
        </h4>
        <table
          cellspacing="0"
          class="input"
        >
          <tr>
            <td
              class="output"
              colspan="4"
            >
              0
            </td>
          </tr>
          <tr>
            <td>
              AC
            </td>
            <td>
              +/-
            </td>
            <td>
              %
            </td>
            <td>
              รท
            </td>
          </tr>
          <tr>
            <td>
              7
            </td>
            <td>
              8
            </td>
            <td>
              9
            </td>
            <td>
              x
            </td>
          </tr>
          <tr>
            <td>
              4
            </td>
            <td>
              5
            </td>
            <td>
              6
            </td>
            <td>
              -
            </td>
          </tr>
          <tr>
            <td>
              1
            </td>
            <td>
              2
            </td>
            <td>
              3
            </td>
            <td>
              +
            </td>
          </tr>
          <tr>
            <td
              colspan="2"
            >
              0
            </td>
            <td>
              .
            </td>
            <td>
              =
            </td>
          </tr>
        </table>
      </main>
    </div>
  </body>,
  "container": <div>
    <main
      class="calculator"
    >
      <h4>
        Let's do some Math
      </h4>
      <table
        cellspacing="0"
        class="input"
      >
        <tr>
          <td
            class="output"
            colspan="4"
          >
            0
          </td>
        </tr>
        <tr>
          <td>
            AC
          </td>
          <td>
            +/-
          </td>
          <td>
            %
          </td>
          <td>
            รท
          </td>
        </tr>
        <tr>
          <td>
            7
          </td>
          <td>
            8
          </td>
          <td>
            9
          </td>
          <td>
            x
          </td>
        </tr>
        <tr>
          <td>
            4
          </td>
          <td>
            5
          </td>
          <td>
            6
          </td>
          <td>
            -
          </td>
        </tr>
        <tr>
          <td>
            1
          </td>
          <td>
            2
          </td>
          <td>
            3
          </td>
          <td>
            +
          </td>
        </tr>
        <tr>
          <td
            colspan="2"
          >
            0
          </td>
          <td>
            .
          </td>
          <td>
            =
          </td>
        </tr>
      </table>
    </main>
  </div>,
  "debug": [Function],
  "findAllByAltText": [Function],
  "findAllByDisplayValue": [Function],
  "findAllByLabelText": [Function],
  "findAllByPlaceholderText": [Function],
  "findAllByRole": [Function],
  "findAllByTestId": [Function],
  "findAllByText": [Function],
  "findAllByTitle": [Function],
  "findByAltText": [Function],
  "findByDisplayValue": [Function],
  "findByLabelText": [Function],
  "findByPlaceholderText": [Function],
  "findByRole": [Function],
  "findByTestId": [Function],
  "findByText": [Function],
  "findByTitle": [Function],
  "getAllByAltText": [Function],
  "getAllByDisplayValue": [Function],
  "getAllByLabelText": [Function],
  "getAllByPlaceholderText": [Function],
  "getAllByRole": [Function],
  "getAllByTestId": [Function],
  "getAllByText": [Function],
  "getAllByTitle": [Function],
  "getByAltText": [Function],
  "getByDisplayValue": [Function],
  "getByLabelText": [Function],
  "getByPlaceholderText": [Function],
  "getByRole": [Function],
  "getByTestId": [Function],
  "getByText": [Function],
  "getByTitle": [Function],
  "queryAllByAltText": [Function],
  "queryAllByDisplayValue": [Function],
  "queryAllByLabelText": [Function],
  "queryAllByPlaceholderText": [Function],
  "queryAllByRole": [Function],
  "queryAllByTestId": [Function],
  "queryAllByText": [Function],
  "queryAllByTitle": [Function],
  "queryByAltText": [Function],
  "queryByDisplayValue": [Function],
  "queryByLabelText": [Function],
  "queryByPlaceholderText": [Function],
  "queryByRole": [Function],
  "queryByTestId": [Function],
  "queryByText": [Function],
  "queryByTitle": [Function],
  "rerender": [Function],
  "unmount": [Function],
}
`;
